Archive member included because of file (symbol)

/usr/local/CrossPack-AVR-20131216/lib/gcc/avr/4.8.1/avr25/tiny-stack/libgcc.a(_exit.o)
                              /usr/local/CrossPack-AVR-20131216/lib/gcc/avr/4.8.1/../../../../avr/lib/avr25/tiny-stack/crttn25.o (exit)

Memory Configuration

Name             Origin             Length             Attributes
text             0x00000000         0x00002000         xr
data             0x00800060         0x0000ffa0         rw !x
eeprom           0x00810000         0x00010000         rw !x
fuse             0x00820000         0x00000400         rw !x
lock             0x00830000         0x00000400         rw !x
signature        0x00840000         0x00000400         rw !x
user_signatures  0x00850000         0x00000400         rw !x
*default*        0x00000000         0xffffffff

Linker script and memory map

LOAD /usr/local/CrossPack-AVR-20131216/lib/gcc/avr/4.8.1/../../../../avr/lib/avr25/tiny-stack/crttn25.o
LOAD /var/folders/xg/_tl3mhf14jbd4637zl1j5yd00000gn/T//cchP7lbI.o
START GROUP
LOAD /usr/local/CrossPack-AVR-20131216/lib/gcc/avr/4.8.1/avr25/tiny-stack/libgcc.a
LOAD /usr/local/CrossPack-AVR-20131216/lib/gcc/avr/4.8.1/../../../../avr/lib/avr25/tiny-stack/libm.a
LOAD /usr/local/CrossPack-AVR-20131216/lib/gcc/avr/4.8.1/../../../../avr/lib/avr25/tiny-stack/libc.a
END GROUP

.hash
 *(.hash)

.dynsym
 *(.dynsym)

.dynstr
 *(.dynstr)

.gnu.version
 *(.gnu.version)

.gnu.version_d
 *(.gnu.version_d)

.gnu.version_r
 *(.gnu.version_r)

.rel.init
 *(.rel.init)

.rela.init
 *(.rela.init)

.rel.text
 *(.rel.text)
 *(.rel.text.*)
 *(.rel.gnu.linkonce.t*)

.rela.text
 *(.rela.text)
 *(.rela.text.*)
 *(.rela.gnu.linkonce.t*)

.rel.fini
 *(.rel.fini)

.rela.fini
 *(.rela.fini)

.rel.rodata
 *(.rel.rodata)
 *(.rel.rodata.*)
 *(.rel.gnu.linkonce.r*)

.rela.rodata
 *(.rela.rodata)
 *(.rela.rodata.*)
 *(.rela.gnu.linkonce.r*)

.rel.data
 *(.rel.data)
 *(.rel.data.*)
 *(.rel.gnu.linkonce.d*)

.rela.data
 *(.rela.data)
 *(.rela.data.*)
 *(.rela.gnu.linkonce.d*)

.rel.ctors
 *(.rel.ctors)

.rela.ctors
 *(.rela.ctors)

.rel.dtors
 *(.rel.dtors)

.rela.dtors
 *(.rela.dtors)

.rel.got
 *(.rel.got)

.rela.got
 *(.rela.got)

.rel.bss
 *(.rel.bss)

.rela.bss
 *(.rela.bss)

.rel.plt
 *(.rel.plt)

.rela.plt
 *(.rela.plt)

.text           0x00000000       0x76
 *(.vectors)
 .vectors       0x00000000       0x1e /usr/local/CrossPack-AVR-20131216/lib/gcc/avr/4.8.1/../../../../avr/lib/avr25/tiny-stack/crttn25.o
                0x00000000                __vectors
                0x00000000                __vector_default
 *(.vectors)
 *(.progmem.gcc*)
                0x0000001e                . = ALIGN (0x2)
                0x0000001e                __trampolines_start = .
 *(.trampolines)
 .trampolines   0x0000001e        0x0 linker stubs
 *(.trampolines*)
                0x0000001e                __trampolines_end = .
 *(.progmem*)
                0x0000001e                . = ALIGN (0x2)
 *(.jumptables)
 *(.jumptables*)
 *(.lowtext)
 *(.lowtext*)
                0x0000001e                __ctors_start = .
 *(.ctors)
                0x0000001e                __ctors_end = .
                0x0000001e                __dtors_start = .
 *(.dtors)
                0x0000001e                __dtors_end = .
 SORT(*)(.ctors)
 SORT(*)(.dtors)
 *(.init0)
 .init0         0x0000001e        0x0 /usr/local/CrossPack-AVR-20131216/lib/gcc/avr/4.8.1/../../../../avr/lib/avr25/tiny-stack/crttn25.o
                0x0000001e                __init
 *(.init0)
 *(.init1)
 *(.init1)
 *(.init2)
 .init2         0x0000001e        0x8 /usr/local/CrossPack-AVR-20131216/lib/gcc/avr/4.8.1/../../../../avr/lib/avr25/tiny-stack/crttn25.o
 *(.init2)
 *(.init3)
 *(.init3)
 *(.init4)
 *(.init4)
 *(.init5)
 *(.init5)
 *(.init6)
 *(.init6)
 *(.init7)
 *(.init7)
 *(.init8)
 *(.init8)
 *(.init9)
 .init9         0x00000026        0x4 /usr/local/CrossPack-AVR-20131216/lib/gcc/avr/4.8.1/../../../../avr/lib/avr25/tiny-stack/crttn25.o
 *(.init9)
 *(.text)
 .text          0x0000002a        0x2 /usr/local/CrossPack-AVR-20131216/lib/gcc/avr/4.8.1/../../../../avr/lib/avr25/tiny-stack/crttn25.o
                0x0000002a                __vector_10
                0x0000002a                __vector_12
                0x0000002a                __bad_interrupt
                0x0000002a                __vector_6
                0x0000002a                __vector_3
                0x0000002a                __vector_11
                0x0000002a                __vector_13
                0x0000002a                __vector_7
                0x0000002a                __vector_5
                0x0000002a                __vector_4
                0x0000002a                __vector_9
                0x0000002a                __vector_2
                0x0000002a                __vector_8
                0x0000002a                __vector_14
                0x0000002a                __vector_1
 .text          0x0000002c        0x0 /var/folders/xg/_tl3mhf14jbd4637zl1j5yd00000gn/T//cchP7lbI.o
 .text          0x0000002c        0x0 /usr/local/CrossPack-AVR-20131216/lib/gcc/avr/4.8.1/avr25/tiny-stack/libgcc.a(_exit.o)
                0x0000002c                . = ALIGN (0x2)
 *(.text.*)
 .text.startup  0x0000002c       0x46 /var/folders/xg/_tl3mhf14jbd4637zl1j5yd00000gn/T//cchP7lbI.o
                0x0000002c                main
 .text.libgcc.mul
                0x00000072        0x0 /usr/local/CrossPack-AVR-20131216/lib/gcc/avr/4.8.1/avr25/tiny-stack/libgcc.a(_exit.o)
 .text.libgcc.div
                0x00000072        0x0 /usr/local/CrossPack-AVR-20131216/lib/gcc/avr/4.8.1/avr25/tiny-stack/libgcc.a(_exit.o)
 .text.libgcc   0x00000072        0x0 /usr/local/CrossPack-AVR-20131216/lib/gcc/avr/4.8.1/avr25/tiny-stack/libgcc.a(_exit.o)
 .text.libgcc.prologue
                0x00000072        0x0 /usr/local/CrossPack-AVR-20131216/lib/gcc/avr/4.8.1/avr25/tiny-stack/libgcc.a(_exit.o)
 .text.libgcc.builtins
                0x00000072        0x0 /usr/local/CrossPack-AVR-20131216/lib/gcc/avr/4.8.1/avr25/tiny-stack/libgcc.a(_exit.o)
 .text.libgcc.fmul
                0x00000072        0x0 /usr/local/CrossPack-AVR-20131216/lib/gcc/avr/4.8.1/avr25/tiny-stack/libgcc.a(_exit.o)
 .text.libgcc.fixed
                0x00000072        0x0 /usr/local/CrossPack-AVR-20131216/lib/gcc/avr/4.8.1/avr25/tiny-stack/libgcc.a(_exit.o)
                0x00000072                . = ALIGN (0x2)
 *(.fini9)
 .fini9         0x00000072        0x0 /usr/local/CrossPack-AVR-20131216/lib/gcc/avr/4.8.1/avr25/tiny-stack/libgcc.a(_exit.o)
                0x00000072                exit
                0x00000072                _exit
 *(.fini9)
 *(.fini8)
 *(.fini8)
 *(.fini7)
 *(.fini7)
 *(.fini6)
 *(.fini6)
 *(.fini5)
 *(.fini5)
 *(.fini4)
 *(.fini4)
 *(.fini3)
 *(.fini3)
 *(.fini2)
 *(.fini2)
 *(.fini1)
 *(.fini1)
 *(.fini0)
 .fini0         0x00000072        0x4 /usr/local/CrossPack-AVR-20131216/lib/gcc/avr/4.8.1/avr25/tiny-stack/libgcc.a(_exit.o)
 *(.fini0)
                0x00000076                _etext = .

.data           0x00800060        0x0 load address 0x00000076
                0x00800060                PROVIDE (__data_start, .)
 *(.data)
 .data          0x00800060        0x0 /usr/local/CrossPack-AVR-20131216/lib/gcc/avr/4.8.1/../../../../avr/lib/avr25/tiny-stack/crttn25.o
 .data          0x00800060        0x0 /var/folders/xg/_tl3mhf14jbd4637zl1j5yd00000gn/T//cchP7lbI.o
 .data          0x00800060        0x0 /usr/local/CrossPack-AVR-20131216/lib/gcc/avr/4.8.1/avr25/tiny-stack/libgcc.a(_exit.o)
 *(.data*)
 *(.rodata)
 *(.rodata*)
 *(.gnu.linkonce.d*)
                0x00800060                . = ALIGN (0x2)
                0x00800060                _edata = .
                0x00800060                PROVIDE (__data_end, .)

.bss            0x00800060        0x0
                0x00800060                PROVIDE (__bss_start, .)
 *(.bss)
 .bss           0x00800060        0x0 /usr/local/CrossPack-AVR-20131216/lib/gcc/avr/4.8.1/../../../../avr/lib/avr25/tiny-stack/crttn25.o
 .bss           0x00800060        0x0 /var/folders/xg/_tl3mhf14jbd4637zl1j5yd00000gn/T//cchP7lbI.o
 .bss           0x00800060        0x0 /usr/local/CrossPack-AVR-20131216/lib/gcc/avr/4.8.1/avr25/tiny-stack/libgcc.a(_exit.o)
 *(.bss*)
 *(COMMON)
                0x00800060                PROVIDE (__bss_end, .)
                0x00000076                __data_load_start = LOADADDR (.data)
                0x00000076                __data_load_end = (__data_load_start + SIZEOF (.data))

.noinit         0x00800060        0x0
                0x00800060                PROVIDE (__noinit_start, .)
 *(.noinit*)
                0x00800060                PROVIDE (__noinit_end, .)
                0x00800060                _end = .
                0x00800060                PROVIDE (__heap_start, .)

.eeprom         0x00810000        0x0
 *(.eeprom*)
                0x00810000                __eeprom_end = .

.fuse
 *(.fuse)
 *(.lfuse)
 *(.hfuse)
 *(.efuse)

.lock
 *(.lock*)

.signature
 *(.signature*)

.user_signatures
 *(.user_signatures*)

.stab
 *(.stab)

.stabstr
 *(.stabstr)

.stab.excl
 *(.stab.excl)

.stab.exclstr
 *(.stab.exclstr)

.stab.index
 *(.stab.index)

.stab.indexstr
 *(.stab.indexstr)

.comment        0x00000000       0x11
 *(.comment)
 .comment       0x00000000       0x11 /var/folders/xg/_tl3mhf14jbd4637zl1j5yd00000gn/T//cchP7lbI.o
                                 0x12 (size before relaxing)

.debug
 *(.debug)

.line
 *(.line)

.debug_srcinfo
 *(.debug_srcinfo)

.debug_sfnames
 *(.debug_sfnames)

.debug_aranges  0x00000000       0x40
 *(.debug_aranges)
 .debug_aranges
                0x00000000       0x20 /var/folders/xg/_tl3mhf14jbd4637zl1j5yd00000gn/T//cchP7lbI.o
 .debug_aranges
                0x00000020       0x20 /usr/local/CrossPack-AVR-20131216/lib/gcc/avr/4.8.1/avr25/tiny-stack/libgcc.a(_exit.o)

.debug_pubnames
 *(.debug_pubnames)

.debug_info     0x00000000      0x21b
 *(.debug_info)
 .debug_info    0x00000000      0x14e /var/folders/xg/_tl3mhf14jbd4637zl1j5yd00000gn/T//cchP7lbI.o
 .debug_info    0x0000014e       0xcd /usr/local/CrossPack-AVR-20131216/lib/gcc/avr/4.8.1/avr25/tiny-stack/libgcc.a(_exit.o)
 *(.gnu.linkonce.wi.*)

.debug_abbrev   0x00000000      0x108
 *(.debug_abbrev)
 .debug_abbrev  0x00000000       0xf4 /var/folders/xg/_tl3mhf14jbd4637zl1j5yd00000gn/T//cchP7lbI.o
 .debug_abbrev  0x000000f4       0x14 /usr/local/CrossPack-AVR-20131216/lib/gcc/avr/4.8.1/avr25/tiny-stack/libgcc.a(_exit.o)

.debug_line     0x00000000      0x147
 *(.debug_line)
 .debug_line    0x00000000       0xec /var/folders/xg/_tl3mhf14jbd4637zl1j5yd00000gn/T//cchP7lbI.o
 .debug_line    0x000000ec       0x5b /usr/local/CrossPack-AVR-20131216/lib/gcc/avr/4.8.1/avr25/tiny-stack/libgcc.a(_exit.o)

.debug_frame    0x00000000       0x24
 *(.debug_frame)
 .debug_frame   0x00000000       0x24 /var/folders/xg/_tl3mhf14jbd4637zl1j5yd00000gn/T//cchP7lbI.o

.debug_str      0x00000000       0xfd
 *(.debug_str)
 .debug_str     0x00000000       0xfd /var/folders/xg/_tl3mhf14jbd4637zl1j5yd00000gn/T//cchP7lbI.o
                                0x131 (size before relaxing)

.debug_loc      0x00000000       0x5e
 *(.debug_loc)
 .debug_loc     0x00000000       0x5e /var/folders/xg/_tl3mhf14jbd4637zl1j5yd00000gn/T//cchP7lbI.o

.debug_macinfo
 *(.debug_macinfo)

.debug_pubtypes
 *(.debug_pubtypes)

.debug_ranges   0x00000000       0x10
 *(.debug_ranges)
 .debug_ranges  0x00000000       0x10 /var/folders/xg/_tl3mhf14jbd4637zl1j5yd00000gn/T//cchP7lbI.o

.debug_macro
 *(.debug_macro)
OUTPUT(PWM.obj elf32-avr)
LOAD linker stubs
